{
  "epic": {
    "number": 137,
    "title": "Epic: Voltgo",
    "state": "open",
    "priority": "P2",
    "type": null,
    "areas": [],
    "assignees": [],
    "epic": true,
    "inProgress": false,
    "untriaged": false,
    "parent": null,
    "blockedBy": [],
    "blockedByTotal": 0,
    "openBlockers": [],
    "subIssues": [],
    "subIssuesTotal": 2,
    "subIssuesCompleted": 1,
    "createdAt": "2026-07-05T12:00:00Z"
  },
  "children": [
    {
      "number": 120,
      "title": "Open child",
      "state": "open",
      "priority": "P1",
      "type": "bug",
      "areas": [],
      "assignees": [],
      "epic": false,
      "inProgress": false,
      "untriaged": false,
      "parent": null,
      "blockedBy": [],
      "blockedByTotal": 0,
      "openBlockers": [],
      "subIssues": [],
      "subIssuesTotal": 0,
      "subIssuesCompleted": 0,
      "createdAt": "2026-07-04T12:00:00Z"
    },
    {
      "number": 121,
      "title": "Done child",
      "state": "closed",
      "priority": "P2",
      "type": "task",
      "areas": [],
      "assignees": [],
      "epic": false,
      "inProgress": false,
      "untriaged": false,
      "parent": null,
      "blockedBy": [],
      "blockedByTotal": 0,
      "openBlockers": [],
      "subIssues": [],
      "subIssuesTotal": 0,
      "subIssuesCompleted": 0,
      "createdAt": "2026-07-03T12:00:00Z"
    }
  ]
}
