#120 P2 enhancement  Voltgo BLE battery controller: scaffold, client, collector
#117 P1 bug (tests)  Tautological assertions on state the code cannot modify
#9   P?              Drive-by report with no labels
#55  P3 task         Closed one  [closed]
#121 P2 enhancement  Voltgo client for tests  [blocked by #120]
#137 P2              Epic: Voltgo  [epic 2/6]
#124 P2 bug          Claimed one  [in progress @lumberbarons]
