{"number":120,"title":"Voltgo BLE battery controller: scaffold, client, collector","state":"open","priority":"P2","type":"enhancement","areas":[],"assignees":[],"epic":false,"inProgress":false,"untriaged":false,"parent":null,"blockedBy":[],"blockedByTotal":0,"openBlockers":[],"subIssues":[],"subIssuesTotal":0,"subIssuesCompleted":0,"createdAt":"2026-07-01T12:00:00Z"}
{"number":117,"title":"Tautological assertions on state the code cannot modify","state":"open","priority":"P1","type":"bug","areas":["tests"],"assignees":[],"epic":false,"inProgress":false,"untriaged":false,"parent":137,"blockedBy":[9,55],"blockedByTotal":0,"openBlockers":[9],"subIssues":[],"subIssuesTotal":0,"subIssuesCompleted":0,"createdAt":"2026-07-02T12:00:00Z"}
{"number":9,"title":"Drive-by report with no labels","state":"open","priority":null,"type":null,"areas":[],"assignees":[],"epic":false,"inProgress":false,"untriaged":true,"parent":null,"blockedBy":[],"blockedByTotal":0,"openBlockers":[],"subIssues":[],"subIssuesTotal":0,"subIssuesCompleted":0,"createdAt":"2026-07-03T12:00:00Z"}
{"number":55,"title":"Closed one","state":"closed","priority":"P3","type":"task","areas":[],"assignees":[],"epic":false,"inProgress":false,"untriaged":false,"parent":null,"blockedBy":[],"blockedByTotal":0,"openBlockers":[],"subIssues":[],"subIssuesTotal":0,"subIssuesCompleted":0,"createdAt":"2026-07-04T12:00:00Z"}
