# issues primer — lumberbarons/solar-controller
Workflow: issues ready → issues start <n>.

## Ready (3 of 14 open)
#117 P1 bug (tests)  Tautological assertions on state the code cannot modify
#120 P2 enhancement  Voltgo BLE battery controller: scaffold, client, collector
#9   P?              Drive-by report with no labels

## In progress (1)
#124 P2 bug (tests)  /api/info verified by substring matching  @lumberbarons

## Epics
#137 P2  Voltgo BLE battery controller support  0/6

7 untriaged → issues triage

## Warnings
⚠ #42 has multiple priority labels; highest wins
