{
  "number": 42,
  "title": "T",
  "state": "open",
  "priority": "P1",
  "type": "bug",
  "areas": [],
  "assignees": [],
  "epic": false,
  "inProgress": false,
  "untriaged": false,
  "parent": null,
  "blockedBy": [],
  "blockedByTotal": 0,
  "openBlockers": [],
  "subIssues": [],
  "subIssuesTotal": 0,
  "subIssuesCompleted": 0,
  "createdAt": "2026-07-06T12:00:00Z",
  "body": "body here",
  "comments": [
    {
      "author": "alice",
      "createdAt": "2026-07-07T12:00:00Z",
      "body": "hi"
    }
  ],
  "commentsTotal": 3
}
